2026-06-19 08:49:49,697 [INFO] ==================================================
2026-06-19 08:49:49,699 [INFO] RMS 模擬伺服器已啟動，監聽 Port: 31111 ...
2026-06-19 08:49:49,700 [INFO] ==================================================
2026-06-19 08:50:32,137 [INFO] 
======== 接收到 POST 請求 ========
2026-06-19 08:50:32,137 [INFO] 時間: 2026-06-19 08:50:32.137
2026-06-19 08:50:32,137 [INFO] 端點: /awd/rms/set_mission_request
2026-06-19 08:50:32,137 [INFO] 方法: POST
2026-06-19 08:50:32,137 [INFO] Body 內容:
{
  "protocol_version": "2.0",
  "sequence": "M1000001",
  "timestamp": "2026-06-19 08:50:30.065",
  "priority": "128",
  "sub_missions": [
    {
      "space": "A-01-2",
      "action": "start"
    },
    {
      "space": "A-01-2",
      "action": "load"
    },
    {
      "space": "L-01-0",
      "action": "unload"
    },
    {
      "space": "L-01-0",
      "action": "end"
    }
  ]
}
2026-06-19 08:50:32,138 [INFO] ==================================
2026-06-19 08:50:32,138 [INFO] ==================================================
2026-06-19 08:50:32,138 [INFO] [狀態機啟動] 任務序號: M1000001, 共 4 個子任務。
2026-06-19 08:50:32,138 [INFO] ==================================================
2026-06-19 08:50:32,138 [INFO] 
[任務步驟 1/4] 發送任務執行結果 (start於A-01-2)...
2026-06-19 08:50:32,138 [INFO] 已回覆響應 [200]:
{
  "protocol_version": "2.0",
  "sequence": "M1000001",
  "timestamp": "2026-06-19 08:50:32.138",
  "priority": "128",
  "reply": "ACK",
  "sub_missions": [],
  "reason": "NA"
}
2026-06-19 08:50:34,206 [INFO] HTTP POST 成功 -> http://localhost:31112/awd/rms/set_mission_result
回應狀態: 200
回應內容:
{
  "status": "success",
  "message": "\u6210\u529f\u6536\u5230\u6b65\u9a5f start \u7684\u7d50\u679c"
}
2026-06-19 08:50:34,206 [INFO] [任務步驟 1/4] 等待 WCS 發送 ACK (action='start')...
2026-06-19 08:50:36,760 [INFO] 
======== 接收到 POST 請求 ========
2026-06-19 08:50:36,760 [INFO] 時間: 2026-06-19 08:50:36.760
2026-06-19 08:50:36,760 [INFO] 端點: /awd/rms/set_mission_ack
2026-06-19 08:50:36,760 [INFO] 方法: POST
2026-06-19 08:50:36,760 [INFO] Body 內容:
{
  "protocol_version": "2.0",
  "sequence": "M1000001",
  "timestamp": "2026-06-19 08:50:34.706",
  "priority": "128",
  "action": "start",
  "ack": "OK"
}
2026-06-19 08:50:36,760 [INFO] ==================================
2026-06-19 08:50:36,760 [INFO] [步驟確認] 成功收到 WCS ACK (action='start')。
2026-06-19 08:50:36,760 [INFO] [延遲等待] 依照規範，等待 10 秒後再執行下一步子任務...
2026-06-19 08:50:36,760 [INFO] 已回覆響應 [200]:
{
  "status": "success",
  "message": "ACK matched"
}
2026-06-19 08:50:46,762 [INFO] 
[任務步驟 2/4] 發送任務執行結果 (load於A-01-2)...
2026-06-19 08:50:48,792 [INFO] HTTP POST 成功 -> http://localhost:31112/awd/rms/set_mission_result
回應狀態: 200
回應內容:
{
  "status": "success",
  "message": "\u6210\u529f\u6536\u5230\u6b65\u9a5f load \u7684\u7d50\u679c"
}
2026-06-19 08:50:48,792 [INFO] [任務步驟 2/4] 等待 WCS 發送 ACK (action='load')...
2026-06-19 08:50:51,333 [INFO] 
======== 接收到 POST 請求 ========
2026-06-19 08:50:51,333 [INFO] 時間: 2026-06-19 08:50:51.333
2026-06-19 08:50:51,333 [INFO] 端點: /awd/rms/set_mission_ack
2026-06-19 08:50:51,335 [INFO] 方法: POST
2026-06-19 08:50:51,335 [INFO] Body 內容:
{
  "protocol_version": "2.0",
  "sequence": "M1000001",
  "timestamp": "2026-06-19 08:50:49.293",
  "priority": "128",
  "action": "load",
  "ack": "OK"
}
2026-06-19 08:50:51,335 [INFO] ==================================
2026-06-19 08:50:51,335 [INFO] [步驟確認] 成功收到 WCS ACK (action='load')。
2026-06-19 08:50:51,335 [INFO] [延遲等待] 依照規範，等待 10 秒後再執行下一步子任務...
2026-06-19 08:50:51,335 [INFO] 已回覆響應 [200]:
{
  "status": "success",
  "message": "ACK matched"
}
2026-06-19 08:51:01,335 [INFO] 
[任務步驟 3/4] 發送任務執行結果 (unload於L-01-0)...
2026-06-19 08:51:03,370 [INFO] HTTP POST 成功 -> http://localhost:31112/awd/rms/set_mission_result
回應狀態: 200
回應內容:
{
  "status": "success",
  "message": "\u6210\u529f\u6536\u5230\u6b65\u9a5f unload \u7684\u7d50\u679c"
}
2026-06-19 08:51:03,370 [INFO] [任務步驟 3/4] 等待 WCS 發送 ACK (action='unload')...
2026-06-19 08:51:05,921 [INFO] 
======== 接收到 POST 請求 ========
2026-06-19 08:51:05,921 [INFO] 時間: 2026-06-19 08:51:05.921
2026-06-19 08:51:05,921 [INFO] 端點: /awd/rms/set_mission_ack
2026-06-19 08:51:05,921 [INFO] 方法: POST
2026-06-19 08:51:05,921 [INFO] Body 內容:
{
  "protocol_version": "2.0",
  "sequence": "M1000001",
  "timestamp": "2026-06-19 08:51:03.870",
  "priority": "128",
  "action": "unload",
  "ack": "OK"
}
2026-06-19 08:51:05,921 [INFO] ==================================
2026-06-19 08:51:05,921 [INFO] [步驟確認] 成功收到 WCS ACK (action='unload')。
2026-06-19 08:51:05,921 [INFO] 已回覆響應 [200]:
{
  "status": "success",
  "message": "ACK matched"
}
2026-06-19 08:51:05,921 [INFO] [延遲等待] 依照規範，等待 10 秒後再執行下一步子任務...
2026-06-19 08:51:15,921 [INFO] 
[任務步驟 4/4] 發送任務執行結果 (end於L-01-0)...
2026-06-19 08:51:17,960 [INFO] HTTP POST 成功 -> http://localhost:31112/awd/rms/set_mission_result
回應狀態: 200
回應內容:
{
  "status": "success",
  "message": "\u6210\u529f\u6536\u5230\u6b65\u9a5f end \u7684\u7d50\u679c"
}
2026-06-19 08:51:17,960 [INFO] [任務步驟 4/4] 等待 WCS 發送 ACK (action='end')...
2026-06-19 08:51:20,496 [INFO] 
======== 接收到 POST 請求 ========
2026-06-19 08:51:20,496 [INFO] 時間: 2026-06-19 08:51:20.496
2026-06-19 08:51:20,496 [INFO] 端點: /awd/rms/set_mission_ack
2026-06-19 08:51:20,496 [INFO] 方法: POST
2026-06-19 08:51:20,496 [INFO] Body 內容:
{
  "protocol_version": "2.0",
  "sequence": "M1000001",
  "timestamp": "2026-06-19 08:51:18.460",
  "priority": "128",
  "action": "end",
  "ack": "OK"
}
2026-06-19 08:51:20,496 [INFO] ==================================
2026-06-19 08:51:20,496 [INFO] 已回覆響應 [200]:
{
  "status": "success",
  "message": "ACK matched"
}
2026-06-19 08:51:20,498 [INFO] [步驟確認] 成功收到 WCS ACK (action='end')。
2026-06-19 08:51:20,499 [INFO] ==================================================
2026-06-19 08:51:20,499 [INFO] [任務完成] 任務 M1000001 搬運執行完成！
2026-06-19 08:51:20,499 [INFO] ==================================================
2026-06-19 08:58:38,186 [INFO] ==================================================
2026-06-19 08:58:38,188 [INFO] RMS 模擬伺服器已啟動，監聽 Port: 31111 ...
2026-06-19 08:58:38,188 [INFO] ==================================================
2026-06-19 09:00:50,750 [INFO] 
======== 接收到 POST 請求 ========
2026-06-19 09:00:50,751 [INFO] 時間: 2026-06-19 09:00:50.750
2026-06-19 09:00:50,751 [INFO] 端點: /awd/rms/set_mission_request
2026-06-19 09:00:50,751 [INFO] 方法: POST
2026-06-19 09:00:50,751 [INFO] Body 內容:
{
  "protocol_version": "2.0",
  "sequence": "M1000001",
  "timestamp": "2026-06-17 21:40:00.000",
  "priority": "128",
  "sub_missions": [
    {
      "space": "A-01-2",
      "action": "start"
    },
    {
      "space": "A-01-2",
      "action": "load"
    },
    {
      "space": "L-01-0",
      "action": "unload"
    },
    {
      "space": "L-01-0",
      "action": "end"
    }
  ]
}
2026-06-19 09:00:50,751 [INFO] ==================================
2026-06-19 09:00:50,752 [INFO] ==================================================
2026-06-19 09:00:50,752 [INFO] 已回覆響應 [200]:
{
  "protocol_version": "2.0",
  "sequence": "M1000001",
  "timestamp": "2026-06-19 09:00:50.752",
  "priority": "128",
  "reply": "ACK",
  "sub_missions": [],
  "reason": "NA"
}
2026-06-19 09:00:50,752 [INFO] [狀態機啟動] 任務序號: M1000001, 共 4 個子任務。
2026-06-19 09:00:50,753 [INFO] ==================================================
2026-06-19 09:00:50,753 [INFO] 
[任務步驟 1/4] 發送任務執行結果 (start於A-01-2)...
2026-06-19 09:00:52,862 [INFO] HTTP POST 成功 -> http://localhost:31112/awd/rms/set_mission_result
回應狀態: 200
回應內容:
{"result":"OK"}
2026-06-19 09:00:52,862 [INFO] [任務步驟 1/4] 等待 WCS 發送 ACK (action='start')...
2026-06-19 09:01:52,866 [ERROR] [超時錯誤] 超過 60 秒未收到 WCS ACK (action='start')！任務終止。
2026-06-19 09:02:01,726 [INFO] 
======== 接收到 POST 請求 ========
2026-06-19 09:02:01,726 [INFO] 時間: 2026-06-19 09:02:01.726
2026-06-19 09:02:01,726 [INFO] 端點: /awd/rms/set_mission_ack
2026-06-19 09:02:01,727 [INFO] 方法: POST
2026-06-19 09:02:01,727 [INFO] Body 內容:
{
  "protocol_version": "2.0",
  "sequence": "M1000001",
  "timestamp": "2026-06-17 21:42:02.000",
  "priority": "128",
  "action": "start",
  "ack": "OK"
}
2026-06-19 09:02:01,727 [INFO] ==================================
2026-06-19 09:02:01,727 [INFO] 已回覆響應 [200]:
{
  "status": "success",
  "message": "ACK matched"
}
2026-06-19 09:02:43,257 [INFO] 
======== 接收到 POST 請求 ========
2026-06-19 09:02:43,257 [INFO] 時間: 2026-06-19 09:02:43.257
2026-06-19 09:02:43,257 [INFO] 端點: /awd/rms/set_mission_request
2026-06-19 09:02:43,257 [INFO] 方法: POST
2026-06-19 09:02:43,257 [INFO] Body 內容:
{
  "protocol_version": "2.0",
  "sequence": "M1000001",
  "timestamp": "2026-06-17 21:40:00.000",
  "priority": "128",
  "sub_missions": [
    {
      "space": "A-01-2",
      "action": "start"
    },
    {
      "space": "A-01-2",
      "action": "load"
    },
    {
      "space": "L-01-0",
      "action": "unload"
    },
    {
      "space": "L-01-0",
      "action": "end"
    }
  ]
}
2026-06-19 09:02:43,257 [INFO] ==================================
2026-06-19 09:02:43,259 [INFO] ==================================================
2026-06-19 09:02:43,259 [INFO] 已回覆響應 [200]:
{
  "protocol_version": "2.0",
  "sequence": "M1000001",
  "timestamp": "2026-06-19 09:02:43.259",
  "priority": "128",
  "reply": "ACK",
  "sub_missions": [],
  "reason": "NA"
}
2026-06-19 09:02:43,259 [INFO] [狀態機啟動] 任務序號: M1000001, 共 4 個子任務。
2026-06-19 09:02:43,259 [INFO] ==================================================
2026-06-19 09:02:43,259 [INFO] 
[任務步驟 1/4] 發送任務執行結果 (start於A-01-2)...
2026-06-19 09:02:45,319 [INFO] HTTP POST 成功 -> http://localhost:31112/awd/rms/set_mission_result
回應狀態: 200
回應內容:
{"result":"OK"}
2026-06-19 09:02:45,319 [INFO] [任務步驟 1/4] 等待 WCS 發送 ACK (action='start')...
2026-06-19 09:02:51,244 [INFO] 
======== 接收到 POST 請求 ========
2026-06-19 09:02:51,244 [INFO] 時間: 2026-06-19 09:02:51.244
2026-06-19 09:02:51,244 [INFO] 端點: /awd/rms/set_mission_ack
2026-06-19 09:02:51,245 [INFO] 方法: POST
2026-06-19 09:02:51,245 [INFO] Body 內容:
{
  "protocol_version": "2.0",
  "sequence": "M1000001",
  "timestamp": "2026-06-17 21:42:02.000",
  "priority": "128",
  "action": "start",
  "ack": "OK"
}
2026-06-19 09:02:51,245 [INFO] ==================================
2026-06-19 09:02:51,245 [INFO] [步驟確認] 成功收到 WCS ACK (action='start')。
2026-06-19 09:02:51,245 [INFO] 已回覆響應 [200]:
{
  "status": "success",
  "message": "ACK matched"
}
2026-06-19 09:02:51,245 [INFO] [延遲等待] 依照規範，等待 10 秒後再執行下一步子任務...
2026-06-19 09:03:01,246 [INFO] 
[任務步驟 2/4] 發送任務執行結果 (load於A-01-2)...
2026-06-19 09:03:03,296 [INFO] HTTP POST 成功 -> http://localhost:31112/awd/rms/set_mission_result
回應狀態: 200
回應內容:
{"result":"OK"}
2026-06-19 09:03:03,298 [INFO] [任務步驟 2/4] 等待 WCS 發送 ACK (action='load')...
2026-06-19 09:03:06,145 [INFO] 
======== 接收到 POST 請求 ========
2026-06-19 09:03:06,145 [INFO] 時間: 2026-06-19 09:03:06.143
2026-06-19 09:03:06,145 [INFO] 端點: /awd/rms/set_mission_ack
2026-06-19 09:03:06,145 [INFO] 方法: POST
2026-06-19 09:03:06,145 [INFO] Body 內容:
{
  "protocol_version": "2.0",
  "sequence": "M1000001",
  "timestamp": "2026-06-17 21:42:02.000",
  "priority": "128",
  "action": "load",
  "ack": "OK"
}
2026-06-19 09:03:06,145 [INFO] ==================================
2026-06-19 09:03:06,146 [INFO] [步驟確認] 成功收到 WCS ACK (action='load')。
2026-06-19 09:03:06,146 [INFO] 已回覆響應 [200]:
{
  "status": "success",
  "message": "ACK matched"
}
2026-06-19 09:03:06,146 [INFO] [延遲等待] 依照規範，等待 10 秒後再執行下一步子任務...
2026-06-19 09:03:16,146 [INFO] 
[任務步驟 3/4] 發送任務執行結果 (unload於L-01-0)...
2026-06-19 09:03:18,202 [INFO] HTTP POST 成功 -> http://localhost:31112/awd/rms/set_mission_result
回應狀態: 200
回應內容:
{"result":"OK"}
2026-06-19 09:03:18,202 [INFO] [任務步驟 3/4] 等待 WCS 發送 ACK (action='unload')...
2026-06-19 09:03:25,707 [INFO] 
======== 接收到 POST 請求 ========
2026-06-19 09:03:25,707 [INFO] 時間: 2026-06-19 09:03:25.707
2026-06-19 09:03:25,707 [INFO] 端點: /awd/rms/set_mission_ack
2026-06-19 09:03:25,707 [INFO] 方法: POST
2026-06-19 09:03:25,707 [INFO] Body 內容:
{
  "protocol_version": "2.0",
  "sequence": "M1000001",
  "timestamp": "2026-06-17 21:42:02.000",
  "priority": "128",
  "action": "unload",
  "ack": "OK"
}
2026-06-19 09:03:25,707 [INFO] ==================================
2026-06-19 09:03:25,709 [INFO] [步驟確認] 成功收到 WCS ACK (action='unload')。
2026-06-19 09:03:25,709 [INFO] 已回覆響應 [200]:
{
  "status": "success",
  "message": "ACK matched"
}
2026-06-19 09:03:25,709 [INFO] [延遲等待] 依照規範，等待 10 秒後再執行下一步子任務...
2026-06-19 09:03:35,709 [INFO] 
[任務步驟 4/4] 發送任務執行結果 (end於L-01-0)...
2026-06-19 09:03:37,762 [INFO] HTTP POST 成功 -> http://localhost:31112/awd/rms/set_mission_result
回應狀態: 200
回應內容:
{"result":"OK"}
2026-06-19 09:03:37,764 [INFO] [任務步驟 4/4] 等待 WCS 發送 ACK (action='end')...
2026-06-19 09:03:49,279 [INFO] 
======== 接收到 POST 請求 ========
2026-06-19 09:03:49,279 [INFO] 時間: 2026-06-19 09:03:49.279
2026-06-19 09:03:49,280 [INFO] 端點: /awd/rms/set_mission_ack
2026-06-19 09:03:49,280 [INFO] 方法: POST
2026-06-19 09:03:49,280 [INFO] Body 內容:
{
  "protocol_version": "2.0",
  "sequence": "M1000001",
  "timestamp": "2026-06-17 21:42:02.000",
  "priority": "128",
  "action": "end",
  "ack": "OK"
}
2026-06-19 09:03:49,280 [INFO] ==================================
2026-06-19 09:03:49,280 [INFO] [步驟確認] 成功收到 WCS ACK (action='end')。
2026-06-19 09:03:49,280 [INFO] 已回覆響應 [200]:
{
  "status": "success",
  "message": "ACK matched"
}
2026-06-19 09:03:49,280 [INFO] ==================================================
2026-06-19 09:03:49,281 [INFO] [任務完成] 任務 M1000001 搬運執行完成！
2026-06-19 09:03:49,281 [INFO] ==================================================
2026-06-19 09:14:30,549 [INFO] 
======== 接收到 POST 請求 ========
2026-06-19 09:14:30,549 [INFO] 時間: 2026-06-19 09:14:30.549
2026-06-19 09:14:30,549 [INFO] 端點: /awd/rms/set_mission_request
2026-06-19 09:14:30,551 [INFO] 方法: POST
2026-06-19 09:14:30,551 [INFO] Body 內容:
{
  "protocol_version": "2.0",
  "sequence": "M2026061901",
  "timestamp": "2026-06-19 09:14:28.474",
  "priority": "128",
  "sub_missions": [
    {
      "space": "B-02-1",
      "action": "start"
    },
    {
      "space": "B-02-1",
      "action": "load"
    },
    {
      "space": "K-05-3",
      "action": "unload"
    },
    {
      "space": "C-02-1",
      "action": "load"
    },
    {
      "space": "C-05-3",
      "action": "unload"
    },
    {
      "space": "C-05-3",
      "action": "end"
    }
  ]
}
2026-06-19 09:14:30,551 [INFO] ==================================
2026-06-19 09:14:30,551 [INFO] ==================================================
2026-06-19 09:14:30,553 [INFO] 已回覆響應 [200]:
{
  "protocol_version": "2.0",
  "sequence": "M2026061901",
  "timestamp": "2026-06-19 09:14:30.551",
  "priority": "128",
  "reply": "ACK",
  "sub_missions": [],
  "reason": "NA"
}
2026-06-19 09:14:30,553 [INFO] [狀態機啟動] 任務序號: M2026061901, 共 6 個子任務。
2026-06-19 09:14:30,553 [INFO] ==================================================
2026-06-19 09:14:30,553 [INFO] 
[任務步驟 1/6] 發送任務執行結果 (start於B-02-1)...
2026-06-19 09:14:32,588 [INFO] HTTP POST 成功 -> http://localhost:31112/awd/rms/set_mission_result
回應狀態: 200
回應內容:
{
  "status": "success",
  "message": "\u6210\u529f\u6536\u5230\u6b65\u9a5f start \u7684\u7d50\u679c"
}
2026-06-19 09:14:32,590 [INFO] [任務步驟 1/6] 等待 WCS 發送 ACK (action='start')...
2026-06-19 09:14:35,130 [INFO] 
======== 接收到 POST 請求 ========
2026-06-19 09:14:35,132 [INFO] 時間: 2026-06-19 09:14:35.130
2026-06-19 09:14:35,132 [INFO] 端點: /awd/rms/set_mission_ack
2026-06-19 09:14:35,132 [INFO] 方法: POST
2026-06-19 09:14:35,134 [INFO] Body 內容:
{
  "protocol_version": "2.0",
  "sequence": "M2026061901",
  "timestamp": "2026-06-19 09:14:33.091",
  "priority": "128",
  "action": "start",
  "ack": "OK"
}
2026-06-19 09:14:35,134 [INFO] ==================================
2026-06-19 09:14:35,134 [INFO] [步驟確認] 成功收到 WCS ACK (action='start')。
2026-06-19 09:14:35,134 [INFO] [延遲等待] 依照規範，等待 10 秒後再執行下一步子任務...
2026-06-19 09:14:35,136 [INFO] 已回覆響應 [200]:
{
  "status": "success",
  "message": "ACK matched"
}
2026-06-19 09:14:45,137 [INFO] 
[任務步驟 2/6] 發送任務執行結果 (load於B-02-1)...
2026-06-19 09:14:47,186 [INFO] HTTP POST 成功 -> http://localhost:31112/awd/rms/set_mission_result
回應狀態: 200
回應內容:
{
  "status": "success",
  "message": "\u6210\u529f\u6536\u5230\u6b65\u9a5f load \u7684\u7d50\u679c"
}
2026-06-19 09:14:47,189 [INFO] [任務步驟 2/6] 等待 WCS 發送 ACK (action='load')...
2026-06-19 09:14:49,738 [INFO] 
======== 接收到 POST 請求 ========
2026-06-19 09:14:49,740 [INFO] 時間: 2026-06-19 09:14:49.738
2026-06-19 09:14:49,754 [INFO] 端點: /awd/rms/set_mission_ack
2026-06-19 09:14:49,754 [INFO] 方法: POST
2026-06-19 09:14:49,754 [INFO] Body 內容:
{
  "protocol_version": "2.0",
  "sequence": "M2026061901",
  "timestamp": "2026-06-19 09:14:47.692",
  "priority": "128",
  "action": "load",
  "ack": "OK"
}
2026-06-19 09:14:49,756 [INFO] ==================================
2026-06-19 09:14:49,756 [INFO] 已回覆響應 [200]:
{
  "status": "success",
  "message": "ACK matched"
}
2026-06-19 09:14:49,756 [INFO] [步驟確認] 成功收到 WCS ACK (action='load')。
2026-06-19 09:14:49,756 [INFO] [延遲等待] 依照規範，等待 10 秒後再執行下一步子任務...
2026-06-19 09:14:59,758 [INFO] 
[任務步驟 3/6] 發送任務執行結果 (unload於K-05-3)...
2026-06-19 09:15:01,794 [INFO] HTTP POST 成功 -> http://localhost:31112/awd/rms/set_mission_result
回應狀態: 200
回應內容:
{
  "status": "success",
  "message": "\u6210\u529f\u6536\u5230\u6b65\u9a5f unload \u7684\u7d50\u679c"
}
2026-06-19 09:15:01,794 [INFO] [任務步驟 3/6] 等待 WCS 發送 ACK (action='unload')...
2026-06-19 09:15:04,339 [INFO] 
======== 接收到 POST 請求 ========
2026-06-19 09:15:04,339 [INFO] 時間: 2026-06-19 09:15:04.339
2026-06-19 09:15:04,341 [INFO] 端點: /awd/rms/set_mission_ack
2026-06-19 09:15:04,341 [INFO] 方法: POST
2026-06-19 09:15:04,341 [INFO] Body 內容:
{
  "protocol_version": "2.0",
  "sequence": "M2026061901",
  "timestamp": "2026-06-19 09:15:02.295",
  "priority": "128",
  "action": "unload",
  "ack": "OK"
}
2026-06-19 09:15:04,341 [INFO] ==================================
2026-06-19 09:15:04,341 [INFO] [步驟確認] 成功收到 WCS ACK (action='unload')。
2026-06-19 09:15:04,343 [INFO] 已回覆響應 [200]:
{
  "status": "success",
  "message": "ACK matched"
}
2026-06-19 09:15:04,343 [INFO] [延遲等待] 依照規範，等待 10 秒後再執行下一步子任務...
2026-06-19 09:15:14,346 [INFO] 
[任務步驟 4/6] 發送任務執行結果 (load於C-02-1)...
2026-06-19 09:15:16,396 [INFO] HTTP POST 成功 -> http://localhost:31112/awd/rms/set_mission_result
回應狀態: 200
回應內容:
{
  "status": "success",
  "message": "\u6210\u529f\u6536\u5230\u6b65\u9a5f load \u7684\u7d50\u679c"
}
2026-06-19 09:15:16,396 [INFO] [任務步驟 4/6] 等待 WCS 發送 ACK (action='load')...
2026-06-19 09:15:18,955 [INFO] 
======== 接收到 POST 請求 ========
2026-06-19 09:15:18,957 [INFO] 時間: 2026-06-19 09:15:18.955
2026-06-19 09:15:18,959 [INFO] 端點: /awd/rms/set_mission_ack
2026-06-19 09:15:18,959 [INFO] 方法: POST
2026-06-19 09:15:18,959 [INFO] Body 內容:
{
  "protocol_version": "2.0",
  "sequence": "M2026061901",
  "timestamp": "2026-06-19 09:15:16.898",
  "priority": "128",
  "action": "load",
  "ack": "OK"
}
2026-06-19 09:15:18,959 [INFO] ==================================
2026-06-19 09:15:18,959 [INFO] [步驟確認] 成功收到 WCS ACK (action='load')。
2026-06-19 09:15:18,961 [INFO] 已回覆響應 [200]:
{
  "status": "success",
  "message": "ACK matched"
}
2026-06-19 09:15:18,961 [INFO] [延遲等待] 依照規範，等待 10 秒後再執行下一步子任務...
2026-06-19 09:15:28,962 [INFO] 
[任務步驟 5/6] 發送任務執行結果 (unload於C-05-3)...
2026-06-19 09:15:31,032 [INFO] HTTP POST 成功 -> http://localhost:31112/awd/rms/set_mission_result
回應狀態: 200
回應內容:
{
  "status": "success",
  "message": "\u6210\u529f\u6536\u5230\u6b65\u9a5f unload \u7684\u7d50\u679c"
}
2026-06-19 09:15:31,032 [INFO] [任務步驟 5/6] 等待 WCS 發送 ACK (action='unload')...
2026-06-19 09:15:33,574 [INFO] 
======== 接收到 POST 請求 ========
2026-06-19 09:15:33,574 [INFO] 時間: 2026-06-19 09:15:33.574
2026-06-19 09:15:33,575 [INFO] 端點: /awd/rms/set_mission_ack
2026-06-19 09:15:33,575 [INFO] 方法: POST
2026-06-19 09:15:33,576 [INFO] Body 內容:
{
  "protocol_version": "2.0",
  "sequence": "M2026061901",
  "timestamp": "2026-06-19 09:15:31.533",
  "priority": "128",
  "action": "unload",
  "ack": "OK"
}
2026-06-19 09:15:33,577 [INFO] ==================================
2026-06-19 09:15:33,577 [INFO] [步驟確認] 成功收到 WCS ACK (action='unload')。
2026-06-19 09:15:33,577 [INFO] 已回覆響應 [200]:
{
  "status": "success",
  "message": "ACK matched"
}
2026-06-19 09:15:33,578 [INFO] [延遲等待] 依照規範，等待 10 秒後再執行下一步子任務...
2026-06-19 09:15:43,579 [INFO] 
[任務步驟 6/6] 發送任務執行結果 (end於C-05-3)...
2026-06-19 09:15:45,634 [INFO] HTTP POST 成功 -> http://localhost:31112/awd/rms/set_mission_result
回應狀態: 200
回應內容:
{
  "status": "success",
  "message": "\u6210\u529f\u6536\u5230\u6b65\u9a5f end \u7684\u7d50\u679c"
}
2026-06-19 09:15:45,636 [INFO] [任務步驟 6/6] 等待 WCS 發送 ACK (action='end')...
2026-06-19 09:15:48,192 [INFO] 
======== 接收到 POST 請求 ========
2026-06-19 09:15:48,192 [INFO] 時間: 2026-06-19 09:15:48.192
2026-06-19 09:15:48,192 [INFO] 端點: /awd/rms/set_mission_ack
2026-06-19 09:15:48,194 [INFO] 方法: POST
2026-06-19 09:15:48,194 [INFO] Body 內容:
{
  "protocol_version": "2.0",
  "sequence": "M2026061901",
  "timestamp": "2026-06-19 09:15:46.136",
  "priority": "128",
  "action": "end",
  "ack": "OK"
}
2026-06-19 09:15:48,194 [INFO] ==================================
2026-06-19 09:15:48,196 [INFO] [步驟確認] 成功收到 WCS ACK (action='end')。
2026-06-19 09:15:48,196 [INFO] 已回覆響應 [200]:
{
  "status": "success",
  "message": "ACK matched"
}
2026-06-19 09:15:48,196 [INFO] ==================================================
2026-06-19 09:15:48,196 [INFO] [任務完成] 任務 M2026061901 搬運執行完成！
2026-06-19 09:15:48,196 [INFO] ==================================================
2026-06-19 09:20:44,596 [INFO] RMS 伺服器正在關閉...
2026-06-19 09:20:47,961 [INFO] ==================================================
2026-06-19 09:20:47,961 [INFO] RMS 模擬伺服器已啟動，監聽 Port: 31111 ...
2026-06-19 09:20:47,961 [INFO] ==================================================
2026-06-19 09:21:11,402 [INFO] 
======== 接收到 POST 請求 ========
2026-06-19 09:21:11,402 [INFO] 時間: 2026-06-19 09:21:11.402
2026-06-19 09:21:11,402 [INFO] 端點: /awd/rms/set_mission_request
2026-06-19 09:21:11,402 [INFO] 方法: POST
2026-06-19 09:21:11,402 [INFO] Body 內容:
{
  "protocol_version": "2.0",
  "sequence": "M061901",
  "timestamp": "2026-06-19 09:21:09.318",
  "priority": "128",
  "sub_missions": [
    {
      "space": "B-02-1",
      "action": "start"
    },
    {
      "space": "B-02-1",
      "action": "load"
    },
    {
      "space": "K-05-3",
      "action": "unload"
    },
    {
      "space": "C-02-1",
      "action": "load"
    },
    {
      "space": "C-05-3",
      "action": "unload"
    },
    {
      "space": "C-05-3",
      "action": "end"
    }
  ]
}
2026-06-19 09:21:11,402 [INFO] ==================================
2026-06-19 09:21:11,402 [INFO] ==================================================
2026-06-19 09:21:11,402 [INFO] 已回覆響應 [200]:
{
  "protocol_version": "2.0",
  "sequence": "M061901",
  "timestamp": "2026-06-19 09:21:11.402",
  "priority": "128",
  "reply": "ACK",
  "sub_missions": [],
  "reason": "NA"
}
2026-06-19 09:21:11,404 [INFO] [狀態機啟動] 任務序號: M061901, 共 6 個子任務。
2026-06-19 09:21:11,406 [INFO] ==================================================
2026-06-19 09:21:11,406 [INFO] 
[任務步驟 1/6] 發送任務執行結果 (start於B-02-1)...
2026-06-19 09:21:13,482 [INFO] HTTP POST 成功 -> http://localhost:31112/awd/rms/set_mission_result
回應狀態: 200
回應內容:
{
  "status": "success",
  "message": "\u6210\u529f\u6536\u5230\u6b65\u9a5f start \u7684\u7d50\u679c"
}
2026-06-19 09:21:13,484 [INFO] [任務步驟 1/6] 等待 WCS 發送 ACK (action='start')...
2026-06-19 09:21:16,018 [INFO] 
======== 接收到 POST 請求 ========
2026-06-19 09:21:16,018 [INFO] 時間: 2026-06-19 09:21:16.018
2026-06-19 09:21:16,018 [INFO] 端點: /awd/rms/set_mission_ack
2026-06-19 09:21:16,019 [INFO] 方法: POST
2026-06-19 09:21:16,019 [INFO] Body 內容:
{
  "protocol_version": "2.0",
  "sequence": "M061901",
  "timestamp": "2026-06-19 09:21:13.985",
  "priority": "128",
  "action": "start",
  "ack": "OK"
}
2026-06-19 09:21:16,021 [INFO] ==================================
2026-06-19 09:21:16,021 [INFO] [步驟確認] 成功收到 WCS ACK (action='start')。
2026-06-19 09:21:16,021 [INFO] 已回覆響應 [200]:
{
  "status": "success",
  "message": "ACK matched"
}
2026-06-19 09:21:16,021 [INFO] [延遲等待] 依照規範，等待 10.0 秒後再執行下一步子任務...
2026-06-19 09:21:26,022 [INFO] 
[任務步驟 2/6] 發送任務執行結果 (load於B-02-1)...
2026-06-19 09:21:28,076 [INFO] HTTP POST 成功 -> http://localhost:31112/awd/rms/set_mission_result
回應狀態: 200
回應內容:
{
  "status": "success",
  "message": "\u6210\u529f\u6536\u5230\u6b65\u9a5f load \u7684\u7d50\u679c"
}
2026-06-19 09:21:28,078 [INFO] [任務步驟 2/6] 等待 WCS 發送 ACK (action='load')...
2026-06-19 09:21:30,621 [INFO] 
======== 接收到 POST 請求 ========
2026-06-19 09:21:30,623 [INFO] 時間: 2026-06-19 09:21:30.621
2026-06-19 09:21:30,637 [INFO] 端點: /awd/rms/set_mission_ack
2026-06-19 09:21:30,637 [INFO] 方法: POST
2026-06-19 09:21:30,637 [INFO] Body 內容:
{
  "protocol_version": "2.0",
  "sequence": "M061901",
  "timestamp": "2026-06-19 09:21:28.579",
  "priority": "128",
  "action": "load",
  "ack": "OK"
}
2026-06-19 09:21:30,637 [INFO] ==================================
2026-06-19 09:21:30,637 [INFO] [步驟確認] 成功收到 WCS ACK (action='load')。
2026-06-19 09:21:30,637 [INFO] 已回覆響應 [200]:
{
  "status": "success",
  "message": "ACK matched"
}
2026-06-19 09:21:30,639 [INFO] [延遲等待] 依照規範，等待 10.0 秒後再執行下一步子任務...
2026-06-19 09:21:40,639 [INFO] 
[任務步驟 3/6] 發送任務執行結果 (unload於K-05-3)...
2026-06-19 09:21:42,688 [INFO] HTTP POST 成功 -> http://localhost:31112/awd/rms/set_mission_result
回應狀態: 200
回應內容:
{
  "status": "success",
  "message": "\u6210\u529f\u6536\u5230\u6b65\u9a5f unload \u7684\u7d50\u679c"
}
2026-06-19 09:21:42,688 [INFO] [任務步驟 3/6] 等待 WCS 發送 ACK (action='unload')...
2026-06-19 09:21:45,256 [INFO] 
======== 接收到 POST 請求 ========
2026-06-19 09:21:45,259 [INFO] 時間: 2026-06-19 09:21:45.256
2026-06-19 09:21:45,259 [INFO] 端點: /awd/rms/set_mission_ack
2026-06-19 09:21:45,259 [INFO] 方法: POST
2026-06-19 09:21:45,261 [INFO] Body 內容:
{
  "protocol_version": "2.0",
  "sequence": "M061901",
  "timestamp": "2026-06-19 09:21:43.189",
  "priority": "128",
  "action": "unload",
  "ack": "OK"
}
2026-06-19 09:21:45,261 [INFO] ==================================
2026-06-19 09:21:45,261 [INFO] [步驟確認] 成功收到 WCS ACK (action='unload')。
2026-06-19 09:21:45,261 [INFO] 已回覆響應 [200]:
{
  "status": "success",
  "message": "ACK matched"
}
2026-06-19 09:21:45,261 [INFO] [延遲等待] 依照規範，等待 10.0 秒後再執行下一步子任務...
2026-06-19 09:21:55,262 [INFO] 
[任務步驟 4/6] 發送任務執行結果 (load於C-02-1)...
2026-06-19 09:21:57,321 [INFO] HTTP POST 成功 -> http://localhost:31112/awd/rms/set_mission_result
回應狀態: 200
回應內容:
{
  "status": "success",
  "message": "\u6210\u529f\u6536\u5230\u6b65\u9a5f load \u7684\u7d50\u679c"
}
2026-06-19 09:21:57,323 [INFO] [任務步驟 4/6] 等待 WCS 發送 ACK (action='load')...
2026-06-19 09:21:59,885 [INFO] 
======== 接收到 POST 請求 ========
2026-06-19 09:21:59,885 [INFO] 時間: 2026-06-19 09:21:59.885
2026-06-19 09:21:59,885 [INFO] 端點: /awd/rms/set_mission_ack
2026-06-19 09:21:59,887 [INFO] 方法: POST
2026-06-19 09:21:59,887 [INFO] Body 內容:
{
  "protocol_version": "2.0",
  "sequence": "M061901",
  "timestamp": "2026-06-19 09:21:57.826",
  "priority": "128",
  "action": "load",
  "ack": "OK"
}
2026-06-19 09:21:59,888 [INFO] ==================================
2026-06-19 09:21:59,888 [INFO] [步驟確認] 成功收到 WCS ACK (action='load')。
2026-06-19 09:21:59,890 [INFO] 已回覆響應 [200]:
{
  "status": "success",
  "message": "ACK matched"
}
2026-06-19 09:21:59,890 [INFO] [延遲等待] 依照規範，等待 10.0 秒後再執行下一步子任務...
2026-06-19 09:22:09,891 [INFO] 
[任務步驟 5/6] 發送任務執行結果 (unload於C-05-3)...
2026-06-19 09:22:11,941 [INFO] HTTP POST 成功 -> http://localhost:31112/awd/rms/set_mission_result
回應狀態: 200
回應內容:
{
  "status": "success",
  "message": "\u6210\u529f\u6536\u5230\u6b65\u9a5f unload \u7684\u7d50\u679c"
}
2026-06-19 09:22:11,941 [INFO] [任務步驟 5/6] 等待 WCS 發送 ACK (action='unload')...
2026-06-19 09:22:14,479 [INFO] 
======== 接收到 POST 請求 ========
2026-06-19 09:22:14,481 [INFO] 時間: 2026-06-19 09:22:14.479
2026-06-19 09:22:14,483 [INFO] 端點: /awd/rms/set_mission_ack
2026-06-19 09:22:14,485 [INFO] 方法: POST
2026-06-19 09:22:14,487 [INFO] Body 內容:
{
  "protocol_version": "2.0",
  "sequence": "M061901",
  "timestamp": "2026-06-19 09:22:12.445",
  "priority": "128",
  "action": "unload",
  "ack": "OK"
}
2026-06-19 09:22:14,489 [INFO] ==================================
2026-06-19 09:22:14,493 [INFO] [步驟確認] 成功收到 WCS ACK (action='unload')。
2026-06-19 09:22:14,493 [INFO] 已回覆響應 [200]:
{
  "status": "success",
  "message": "ACK matched"
}
2026-06-19 09:22:14,495 [INFO] [延遲等待] 依照規範，等待 10.0 秒後再執行下一步子任務...
2026-06-19 09:22:24,495 [INFO] 
[任務步驟 6/6] 發送任務執行結果 (end於C-05-3)...
2026-06-19 09:22:26,524 [INFO] HTTP POST 成功 -> http://localhost:31112/awd/rms/set_mission_result
回應狀態: 200
回應內容:
{
  "status": "success",
  "message": "\u6210\u529f\u6536\u5230\u6b65\u9a5f end \u7684\u7d50\u679c"
}
2026-06-19 09:22:26,525 [INFO] [任務步驟 6/6] 等待 WCS 發送 ACK (action='end')...
2026-06-19 09:22:29,086 [INFO] 
======== 接收到 POST 請求 ========
2026-06-19 09:22:29,088 [INFO] 時間: 2026-06-19 09:22:29.086
2026-06-19 09:22:29,088 [INFO] 端點: /awd/rms/set_mission_ack
2026-06-19 09:22:29,088 [INFO] 方法: POST
2026-06-19 09:22:29,088 [INFO] Body 內容:
{
  "protocol_version": "2.0",
  "sequence": "M061901",
  "timestamp": "2026-06-19 09:22:27.025",
  "priority": "128",
  "action": "end",
  "ack": "OK"
}
2026-06-19 09:22:29,088 [INFO] ==================================
2026-06-19 09:22:29,090 [INFO] [步驟確認] 成功收到 WCS ACK (action='end')。
2026-06-19 09:22:29,090 [INFO] 已回覆響應 [200]:
{
  "status": "success",
  "message": "ACK matched"
}
2026-06-19 09:22:29,090 [INFO] ==================================================
2026-06-19 09:22:29,090 [INFO] [任務完成] 任務 M061901 搬運執行完成！
2026-06-19 09:22:29,093 [INFO] ==================================================
2026-06-19 09:27:04,880 [INFO] RMS 伺服器正在關閉...
